
=== FRIDAY relaunch 2026-09-13 20:40:37 ===
Spawned child pid=20308
pygame 2.6.1 (SDL 2.28.4, Python 3.13.3)
Hello from the pygame community. https://www.pygame.org/contribute.html
F.R.I.D.A.Y.: You can speak, or type a command and press Enter at any time.
[STARTUP 1] friday_logic entered (0ms)
[STARTUP 2] begin: VoiceListener() (0ms)
[STARTUP 3] done: VoiceListener() (0ms)
[STARTUP 4] begin: FridayBrain() (0ms)
MAIN: entering webview.start()
[STARTUP 5] done: FridayBrain() (4ms)
[STARTUP 6] begin: MemoryManager() (5ms)
[STARTUP 7] done: MemoryManager() (8ms)
[STARTUP 8] begin: InterruptionController() (8ms)
[STARTUP 9] done: all core systems (10ms)
[STARTUP 10] online message pushed (10ms)
F.R.I.D.A.Y.: Indexed 237 apps in 1270ms.
F.R.I.D.A.Y.: Listening...
HEARTBEAT 1 alive at 20:41:01
CHILD EXITED rc=0 (0x00000000)
